Archive member included to satisfy reference by file (symbol)

../../lib/linker/librcore_linker.a(linker.c.obj)
                              CMakeFiles/rcore_ch4_kernel.dir/src/main.c.obj (rcore_kernel_layout_locate)
../../lib/linker/librcore_linker.a(app.c.obj)
                              CMakeFiles/rcore_ch4_kernel.dir/src/main.c.obj (rcore_app_count)
../../lib/console/librcore_console.a(console.c.obj)
                              CMakeFiles/rcore_ch4_kernel.dir/src/main.c.obj (init_console)
../../lib/kernel-context-local/librcore_kernel_context_local.a(kernel_context_local.c.obj)
                              CMakeFiles/rcore_ch4_kernel.dir/src/main.c.obj (rcore_local_context_user)

Memory Configuration

Name             Origin             Length             Attributes
*default*        0x0000000000000000 0xffffffffffffffff

Linker script and memory map

LOAD CMakeFiles/rcore_ch4_kernel.dir/src/main.c.obj
LOAD CMakeFiles/rcore_ch4_kernel.dir/src/start.S.obj
LOAD CMakeFiles/rcore_ch4_kernel.dir/__/__/cmake/rt_memory.c.obj
LOAD CMakeFiles/rcore_ch4_kernel.dir/generated/app.asm.S.obj
LOAD ../../lib/linker/librcore_linker.a
LOAD ../../lib/console/librcore_console.a
LOAD ../../lib/kernel-context-local/librcore_kernel_context_local.a

.text           0x0000000080200000     0x1aac
                0x0000000080200000                __start = .
 *(.text.entry)
 .text.entry    0x0000000080200000        0xe CMakeFiles/rcore_ch4_kernel.dir/src/start.S.obj
                0x0000000080200000                _start
 *(.text .text.*)
 .text          0x000000008020000e      0xfb8 CMakeFiles/rcore_ch4_kernel.dir/src/main.c.obj
                0x0000000080200f62                rust_main
 .text          0x0000000080200fc6        0x0 CMakeFiles/rcore_ch4_kernel.dir/src/start.S.obj
 .text          0x0000000080200fc6      0x222 CMakeFiles/rcore_ch4_kernel.dir/__/__/cmake/rt_memory.c.obj
                0x0000000080200fc6                memcpy
                0x000000008020102c                memmove
                0x00000000802010f6                memset
                0x0000000080201154                memcmp
 .text          0x00000000802011e8        0x0 CMakeFiles/rcore_ch4_kernel.dir/generated/app.asm.S.obj
 .text          0x00000000802011e8       0xd6 ../../lib/linker/librcore_linker.a(linker.c.obj)
                0x00000000802011e8                rcore_linker_script
                0x00000000802011fe                rcore_kernel_layout_locate
                0x0000000080201278                rcore_zero_bss
 .text          0x00000000802012be      0x360 ../../lib/linker/librcore_linker.a(app.c.obj)
                0x0000000080201308                rcore_app_count
                0x0000000080201320                rcore_app_get
                0x0000000080201404                rcore_app_meta_valid
                0x000000008020142e                rcore_app_iterator_init
                0x000000008020147c                rcore_app_iterator_has_next
                0x0000000080201568                rcore_app_iterator_load_next
 .text          0x000000008020161e       0xe6 ../../lib/console/librcore_console.a(console.c.obj)
                0x0000000080201642                init_console
                0x0000000080201650                set_log_level
                0x0000000080201662                _print
                0x0000000080201680                test_log
                0x000000008020169e                rcore_console_putchar
                0x00000000802016c2                rcore_console_puts
 .text          0x0000000080201704      0x3a8 ../../lib/kernel-context-local/librcore_kernel_context_local.a(kernel_context_local.c.obj)
                0x00000000802017b0                rcore_local_context_empty
                0x00000000802017f2                rcore_local_context_user
                0x000000008020183e                rcore_local_context_set_sp
                0x000000008020186e                rcore_local_context_get_a
                0x000000008020189c                rcore_local_context_set_a
                0x00000000802018d2                rcore_local_context_move_next
                0x00000000802018f8                rcore_local_context_execute_naked
                0x0000000080201a1a                rcore_local_context_execute

.rodata         0x0000000080202000      0x53b
                0x0000000080202000                __rodata = .
 *(.rodata .rodata.*)
 .rodata        0x0000000080202000      0x2b9 CMakeFiles/rcore_ch4_kernel.dir/src/main.c.obj
 *fill*         0x00000000802022b9        0x7 
 .rodata        0x00000000802022c0      0x268 ../../lib/linker/librcore_linker.a(linker.c.obj)
 .rodata        0x0000000080202528       0x13 ../../lib/console/librcore_console.a(console.c.obj)
 *(.srodata .srodata.*)

.rela.dyn       0x0000000080202540        0x0
 .rela.text.entry
                0x0000000080202540        0x0 CMakeFiles/rcore_ch4_kernel.dir/src/main.c.obj
 .rela.rodata   0x0000000080202540        0x0 CMakeFiles/rcore_ch4_kernel.dir/src/main.c.obj

.data           0x0000000080203000   0xfe7240
                0x0000000080203000                __data = .
 *(.data .data.*)
 .data          0x0000000080203000        0x0 CMakeFiles/rcore_ch4_kernel.dir/src/main.c.obj
 .data          0x0000000080203000        0x0 CMakeFiles/rcore_ch4_kernel.dir/src/start.S.obj
 .data          0x0000000080203000        0x0 CMakeFiles/rcore_ch4_kernel.dir/__/__/cmake/rt_memory.c.obj
 .data          0x0000000080203000   0xfe7240 CMakeFiles/rcore_ch4_kernel.dir/generated/app.asm.S.obj
                0x0000000080203000                apps
 .data          0x00000000811ea240        0x0 ../../lib/linker/librcore_linker.a(linker.c.obj)
 .data          0x00000000811ea240        0x0 ../../lib/linker/librcore_linker.a(app.c.obj)
 .data          0x00000000811ea240        0x0 ../../lib/console/librcore_console.a(console.c.obj)
 .data          0x00000000811ea240        0x0 ../../lib/kernel-context-local/librcore_kernel_context_local.a(kernel_context_local.c.obj)
 *(.sdata .sdata.*)

.bss            0x00000000811ea240        0x0
                0x00000000811ea240                __sbss = .
 *(.bss .bss.*)
 .bss           0x00000000811ea240        0x0 CMakeFiles/rcore_ch4_kernel.dir/src/main.c.obj
 .bss           0x00000000811ea240        0x0 CMakeFiles/rcore_ch4_kernel.dir/src/start.S.obj
 .bss           0x00000000811ea240        0x0 CMakeFiles/rcore_ch4_kernel.dir/__/__/cmake/rt_memory.c.obj
 .bss           0x00000000811ea240        0x0 CMakeFiles/rcore_ch4_kernel.dir/generated/app.asm.S.obj
 .bss           0x00000000811ea240        0x0 ../../lib/linker/librcore_linker.a(linker.c.obj)
 .bss           0x00000000811ea240        0x0 ../../lib/linker/librcore_linker.a(app.c.obj)
 .bss           0x00000000811ea240        0x0 ../../lib/console/librcore_console.a(console.c.obj)
 .bss           0x00000000811ea240        0x0 ../../lib/kernel-context-local/librcore_kernel_context_local.a(kernel_context_local.c.obj)
 *(.sbss .sbss.*)
                0x00000000811ea240                __ebss = .

.boot           0x00000000811eb000     0x4000
                0x00000000811eb000                __boot = .
 *(.boot.stack)
 .boot.stack    0x00000000811eb000     0x4000 CMakeFiles/rcore_ch4_kernel.dir/src/start.S.obj
                0x00000000811ef000                __end = .
OUTPUT(../../artifacts/ch4.elf elf64-littleriscv)

.comment        0x0000000000000000       0x2a
 .comment       0x0000000000000000       0x2a CMakeFiles/rcore_ch4_kernel.dir/src/main.c.obj
                                         0x2b (size before relaxing)
 .comment       0x000000000000002a       0x2b CMakeFiles/rcore_ch4_kernel.dir/__/__/cmake/rt_memory.c.obj
 .comment       0x000000000000002a       0x2b ../../lib/linker/librcore_linker.a(linker.c.obj)
 .comment       0x000000000000002a       0x2b ../../lib/linker/librcore_linker.a(app.c.obj)
 .comment       0x000000000000002a       0x2b ../../lib/console/librcore_console.a(console.c.obj)
 .comment       0x000000000000002a       0x2b ../../lib/kernel-context-local/librcore_kernel_context_local.a(kernel_context_local.c.obj)

.riscv.attributes
                0x0000000000000000       0x39
 .riscv.attributes
                0x0000000000000000       0x39 CMakeFiles/rcore_ch4_kernel.dir/src/main.c.obj
 .riscv.attributes
                0x0000000000000039       0x33 CMakeFiles/rcore_ch4_kernel.dir/src/start.S.obj
 .riscv.attributes
                0x000000000000006c       0x35 CMakeFiles/rcore_ch4_kernel.dir/__/__/cmake/rt_memory.c.obj
 .riscv.attributes
                0x00000000000000a1       0x33 CMakeFiles/rcore_ch4_kernel.dir/generated/app.asm.S.obj
 .riscv.attributes
                0x00000000000000d4       0x35 ../../lib/linker/librcore_linker.a(linker.c.obj)
 .riscv.attributes
                0x0000000000000109       0x35 ../../lib/linker/librcore_linker.a(app.c.obj)
 .riscv.attributes
                0x000000000000013e       0x35 ../../lib/console/librcore_console.a(console.c.obj)
 .riscv.attributes
                0x0000000000000173       0x39 ../../lib/kernel-context-local/librcore_kernel_context_local.a(kernel_context_local.c.obj)
